// Vitest Snapshot v1, https://vitest.dev/guide/snapshot.html

exports[`invariants du referentiel > la liste des cles est stable 1`] = `
[
  "accord_indivisaires",
  "acte_naissance_credirentier",
  "acte_notoriete",
  "amiante",
  "assurance_do",
  "attestation_occupation",
  "attestation_propriete_notariee",
  "audit_energetique",
  "autorisation_juge_vente",
  "bail_en_cours",
  "bornage_lotissement",
  "bornage_terrain",
  "bruit_aerien",
  "calcul_bouquet_rente",
  "carnet_entretien",
  "carrez",
  "certificat_urbanisme",
  "charges_copropriete",
  "conformite_raccordement",
  "conformite_veranda",
  "conge_vente_ou_renonciation",
  "contrat_raccordement_solaire",
  "convention_indivision",
  "crep",
  "daact",
  "decennales_entreprises",
  "declaration_succession",
  "depot_garantie",
  "diagnostic_electricite",
  "diagnostic_gaz",
  "diagnostics",
  "dpe",
  "dta_parties_communes",
  "dtg_ppt",
  "erp",
  "etat_date",
  "etat_des_lieux_entree",
  "etat_liquidatif",
  "etude_sol_g1",
  "factures_travaux",
  "fiche_synthetique",
  "jugement_divorce",
  "jugement_protection",
  "justificatif_domicile",
  "justificatifs_plus_value",
  "kbis_sci",
  "mandat_signe",
  "merule",
  "notice_descriptive",
  "permis_da",
  "piece_identite",
  "pre_etat_date",
  "pv_ag_3_ans",
  "pv_ag_sci_vente",
  "pv_levee_reserves",
  "pv_livraison",
  "quittances_loyer",
  "ramonage_cheminee",
  "reglement_copropriete",
  "representant_fiscal",
  "rib_vendeur",
  "securite_piscine",
  "shooting",
  "situation_matrimoniale",
  "spanc",
  "statuts_sci",
  "surface_boutin",
  "taxe_fonciere",
  "termites",
  "titre_propriete",
  "viabilisation",
  "visuels",
]
`;
